4clojure
ac-capf
ac-c-headers
ac-cider
ac-clang
align-cljlet
auto-compile
auto-complete-c-headers
auto-complete-chunk
auto-complete-clang
auto-complete-clang-async
auto-complete-distel
autodisass-llvm-bitcode
auto-highlight-symbol
auto-minor-mode
auto-shell-command
basic-c-compile
beacon
better-shell
bshell
build-helper
build-status
cargo
cd-compile
cedit
c-eldoc
cff
chapel-mode
charmap
cider
cider-decompile
cider-eval-sexp-fu
cider-hydra
cider-spy
clang-format
cl-format
cl-generic
clj-refactor
cljr-helm
cljsbuild-mode
cl-lib
cl-lib-highlight
clojars
clojure-cheatsheet
clojure-mode
clojure-mode-extra-font-locking
clojure-quick-repls
clojure-snippets
clomacs
cl-print
cmake-font-lock
cmake-project
codebug
codesearch
comint-intercept
commenter
common-lisp-snippets
company
company-c-headers
company-erlang
company-math
company-statistics
counsel-etags
cpputils-cmake
ctable
ctags-update
dash-functional
db
delim-kill
diffview
discover
discover-my-major
dr-racket-like-unicode
eacl
ecb
edebug-x
ede-compdb
edts
egg
eide
ejc-sql
el-autoyas
eldoc-overlay
elf-mode
elisp-lint
elisp-sandbox
elmacro
el-sprunge
es-lib
eterm-256color
evalator-clojure
eval-expr
eval-in-repl
eval-sexp-fu
flycheck
flycheck-checkbashisms
flycheck-clang-analyzer
flycheck-clangcheck
flycheck-clang-tidy
flycheck-clojure
flycheck-color-mode-line
flycheck-cstyle
flycheck-dialyzer
flycheck-inline
flycheck-joker
flycheck-pkg-config
flycheck-rebar3
flycheck-rtags
flycheck-rust
flycheck-swiftlint
flycheck-tip
flycheck-title
flymake-cppcheck
flymake-cursor
flymake-rust
flymake-shell
flyparens
font-lock+
font-lock-studio
foreign-regexp
function-args
git
git-attr
git-auto-commit-mode
git-command
git-commit
git-commit-insert-issue
gitconfig
gitconfig-mode
git-dwim
gited
git-io
git-lens
git-link
git-messenger
git-msg-prefix
git-timemachine
git-wip-timemachine
golden-ratio-scroll-screen
google-c-style
heap
helm-clojuredocs
highlight-defined
highlight-escape-sequences
highlight-function-calls
highlight-indentation
highlight-indent-guides
highlight-operators
highlight-parentheses
highlight-quoted
highlight-refontification
highlight-stages
highlight-symbol
highlight-thing
highlight-unique-symbol
hippie-exp-ext
hippie-namespace
hlinum
hungry-delete
ido-at-point
iedit
inf-clojure
ipretty
isend-mode
ivy-dired-history
ivy-erlang-complete
ivy-hydra
javap-mode
jdecomp
json-mode
language-detection
lfe-mode
lisp-extra-font-lock
list-packages-ext
lsp-clangd
lsp-mode
lsp-rust
lsp-ui
macro-math
macrostep
makefile-executor
malinka
manage-minor-mode
mark-multiple
math-symbol-lists
math-symbols
matlab-mode
maxframe
mc-extras
mic-paren
minimal-session-saver
mmt
modern-cpp-font-lock
monroe
nrepl-eval-sexp-fu
nrepl-sync
opencl-mode
package-safe-delete
paren-face
parinfer
parseclj
pcmpl-args
pcmpl-git
picolisp-mode
popup-complete
preproc-font-lock
quack
racer
racket-mode
readline-complete
repl-toggle
rustic
rust-mode
rust-playground
scheme-complete
scheme-here
shell-command
shell-switcher
shell-toggle
signal
smart-comment
smart-compile
smart-cursor-color
smart-forward
snippet
sotlisp
srefactor
ssh
ssh-agency
ssh-config-mode
ssh-tunnels
strace-mode
stream
string-edit
sudo-edit
sudo-ext
tco
term+
term-manager
term+mux
test-c
test-case-mode
test-simple
tree-mode
trie
typed-clojure-mode
undercover
undohist
unkillable-scratch
visual-regexp
visual-regexp-steroids
vkill
window-layout
window-purpose
with-simulated-input
xterm-color
xterm-frobs
xterm-keybinder
xterm-title
xtest
yafolding
